


ARM Macro Assembler    Page 1 


    1 00000000                 PRESERVE8
    2 00000000                 THUMB
    3 00000000         
    4 00000000                 AREA             RESET, DATA, READONLY
    5 00000000                 EXPORT           __Vectors
    6 00000000         
    7 00000000 20000000 
                       __Vectors
                               DCD              0x20000000  ; Top of Stack
    8 00000004 00000000        DCD              Reset_Handler ; Reset Handler
    9 00000008 00000000        DCD              0           ; NMI Handler
   10 0000000C 00000000        DCD              0           ; Hard Fault Handle
                                                            r
   11 00000010 00000000        DCD              0           ; Reserved
   12 00000014 00000000        DCD              0           ; Reserved
   13 00000018 00000000        DCD              0           ; Reserved
   14 0000001C 00000000        DCD              0           ; Reserved
   15 00000020 00000000        DCD              0           ; Reserved
   16 00000024 00000000        DCD              0           ; Reserved
   17 00000028 00000000        DCD              0           ; Reserved
   18 0000002C 00000000        DCD              0           ; SVCall Handler
   19 00000030 00000000        DCD              0           ; Reserved
   20 00000034 00000000        DCD              0           ; Reserved
   21 00000038 00000000        DCD              0           ; PendSV Handler
   22 0000003C 00000000        DCD              0           ; SysTick Handler
   23 00000040 00000000        DCD              0           ; IRQ0 Handler
   24 00000044         
   25 00000044                 AREA             |.text|, CODE, READONLY
   26 00000000         
   27 00000000         ; Reset Handler
   28 00000000         
   29 00000000         Reset_Handler
                               PROC
   30 00000000                 GLOBAL           Reset_Handler
   31 00000000                 ENTRY
   32 00000000 4A08            LDR              R2, =0x40000010 
                                                            ;WaveformGenerator
   33 00000002         
   34 00000002 2001    WaveformGe
                               MOVS             R0, #1
   35 00000004 2101            MOVS             R1, #1
   36 00000006 F000 F807       BL               delay
   37 0000000A 6010            STR              R0, [R2]    ;Set 1
   38 0000000C 2000            MOVS             R0, #0
   39 0000000E 2101            MOVS             R1, #1
   40 00000010 F000 F802       BL               delay
   41 00000014 6010            STR              R0, [R2]    ;Set 0
   42 00000016 E7F4            B                WaveformGe
   43 00000018         
   44 00000018         ; Finish function delay 
   45 00000018 1C49    delay   ADDS             R1, R1, #1
   46 0000001A 4C03            LDR              R4, =0X10
   47 0000001C 428C            CMP              R4, R1
   48 0000001E D1FB            BNE              delay
   49 00000020 4770            BX               LR
   50 00000022         ;;;;;;;;;;;;;;;;;;;;;;
   51 00000022         
   52 00000022                 ENDP
   53 00000022         



ARM Macro Assembler    Page 2 


   54 00000022                 END
              00 00 40000010 
              00000010 
Command Line: --debug --xref --diag_suppress=9931 --cpu=Cortex-M0 --apcs=interw
ork --depend=.\startup_cmsdk_cm0.d -o.\startup_cmsdk_cm0.o -I.\RTE\_Target_1 -I
C:\Users\range\AppData\Local\Arm\Packs\Keil\V2M-MPS2_CMx_BSP\1.7.0\Device\CMSDK
_CM0\Include -IC:\Keil_v5\ARM\CMSIS\Include --predefine="__EVAL SETA 1" --prede
fine="__MICROLIB SETA 1" --predefine="__UVISION_VERSION SETA 527" --predefine="
CMSDK_CM0 SETA 1" --list=.\listings\startup_cmsdk_cm0.lst startup_CMSDK_CM0.s



ARM Macro Assembler    Page 1 Alphabetic symbol ordering
Relocatable symbols

RESET 00000000

Symbol: RESET
   Definitions
      At line 4 in file startup_CMSDK_CM0.s
   Uses
      None
Comment: RESET unused
__Vectors 00000000

Symbol: __Vectors
   Definitions
      At line 7 in file startup_CMSDK_CM0.s
   Uses
      At line 5 in file startup_CMSDK_CM0.s
Comment: __Vectors used once
2 symbols



ARM Macro Assembler    Page 1 Alphabetic symbol ordering
Relocatable symbols

.text 00000000

Symbol: .text
   Definitions
      At line 25 in file startup_CMSDK_CM0.s
   Uses
      None
Comment: .text unused
Reset_Handler 00000000

Symbol: Reset_Handler
   Definitions
      At line 29 in file startup_CMSDK_CM0.s
   Uses
      At line 8 in file startup_CMSDK_CM0.s
      At line 30 in file startup_CMSDK_CM0.s

WaveformGe 00000002

Symbol: WaveformGe
   Definitions
      At line 34 in file startup_CMSDK_CM0.s
   Uses
      At line 42 in file startup_CMSDK_CM0.s
Comment: WaveformGe used once
delay 00000018

Symbol: delay
   Definitions
      At line 45 in file startup_CMSDK_CM0.s
   Uses
      At line 36 in file startup_CMSDK_CM0.s
      At line 40 in file startup_CMSDK_CM0.s
      At line 48 in file startup_CMSDK_CM0.s

4 symbols
342 symbols in table
